###############################################################################
#
# IAR ELF Linker V8.40.1.212/W32 for ARM                  28/Aug/2020  18:27:26
# Copyright 2007-2019 IAR Systems AB.
#
#    Output file  =
#        C:\Users\misty\OneDrive\Desktop\Projects\Archive\LED_PLAY\PXL3-CNC_WDRH008\EWARM\PXL3-SMART
#        Configuration\Exe\PXL3-SMART Configuration.out
#    Map file     =
#        C:\Users\misty\OneDrive\Desktop\Projects\Archive\LED_PLAY\PXL3-CNC_WDRH008\EWARM\PXL3-SMART
#        Configuration\List\PXL3-SMART Configuration.map
#    Command line =
#        -f C:\Users\misty\AppData\Local\Temp\EWA59.tmp
#        ("C:\Users\misty\OneDrive\Desktop\Projects\Archive\LED_PLAY\PXL3-CNC_WDRH008\EWARM\PXL3-SMART
#        Configuration\Obj\gpio.o"
#        "C:\Users\misty\OneDrive\Desktop\Projects\Archive\LED_PLAY\PXL3-CNC_WDRH008\EWARM\PXL3-SMART
#        Configuration\Obj\main.o"
#        "C:\Users\misty\OneDrive\Desktop\Projects\Archive\LED_PLAY\PXL3-CNC_WDRH008\EWARM\PXL3-SMART
#        Configuration\Obj\startup_stm32f030x6.o"
#        "C:\Users\misty\OneDrive\Desktop\Projects\Archive\LED_PLAY\PXL3-CNC_WDRH008\EWARM\PXL3-SMART
#        Configuration\Obj\stm32f0xx_hal.o"
#        "C:\Users\misty\OneDrive\Desktop\Projects\Archive\LED_PLAY\PXL3-CNC_WDRH008\EWARM\PXL3-SMART
#        Configuration\Obj\stm32f0xx_hal_adc.o"
#        "C:\Users\misty\OneDrive\Desktop\Projects\Archive\LED_PLAY\PXL3-CNC_WDRH008\EWARM\PXL3-SMART
#        Configuration\Obj\stm32f0xx_hal_cortex.o"
#        "C:\Users\misty\OneDrive\Desktop\Projects\Archive\LED_PLAY\PXL3-CNC_WDRH008\EWARM\PXL3-SMART
#        Configuration\Obj\stm32f0xx_hal_dma.o"
#        "C:\Users\misty\OneDrive\Desktop\Projects\Archive\LED_PLAY\PXL3-CNC_WDRH008\EWARM\PXL3-SMART
#        Configuration\Obj\stm32f0xx_hal_flash.o"
#        "C:\Users\misty\OneDrive\Desktop\Projects\Archive\LED_PLAY\PXL3-CNC_WDRH008\EWARM\PXL3-SMART
#        Configuration\Obj\stm32f0xx_hal_flash_ex.o"
#        "C:\Users\misty\OneDrive\Desktop\Projects\Archive\LED_PLAY\PXL3-CNC_WDRH008\EWARM\PXL3-SMART
#        Configuration\Obj\stm32f0xx_hal_gpio.o"
#        "C:\Users\misty\OneDrive\Desktop\Projects\Archive\LED_PLAY\PXL3-CNC_WDRH008\EWARM\PXL3-SMART
#        Configuration\Obj\stm32f0xx_hal_msp.o"
#        "C:\Users\misty\OneDrive\Desktop\Projects\Archive\LED_PLAY\PXL3-CNC_WDRH008\EWARM\PXL3-SMART
#        Configuration\Obj\stm32f0xx_hal_pwr.o"
#        "C:\Users\misty\OneDrive\Desktop\Projects\Archive\LED_PLAY\PXL3-CNC_WDRH008\EWARM\PXL3-SMART
#        Configuration\Obj\stm32f0xx_hal_pwr_ex.o"
#        "C:\Users\misty\OneDrive\Desktop\Projects\Archive\LED_PLAY\PXL3-CNC_WDRH008\EWARM\PXL3-SMART
#        Configuration\Obj\stm32f0xx_hal_rcc.o"
#        "C:\Users\misty\OneDrive\Desktop\Projects\Archive\LED_PLAY\PXL3-CNC_WDRH008\EWARM\PXL3-SMART
#        Configuration\Obj\stm32f0xx_hal_rcc_ex.o"
#        "C:\Users\misty\OneDrive\Desktop\Projects\Archive\LED_PLAY\PXL3-CNC_WDRH008\EWARM\PXL3-SMART
#        Configuration\Obj\stm32f0xx_it.o"
#        "C:\Users\misty\OneDrive\Desktop\Projects\Archive\LED_PLAY\PXL3-CNC_WDRH008\EWARM\PXL3-SMART
#        Configuration\Obj\system_stm32f0xx.o" --redirect _Printf=_PrintfFull
#        --redirect _Scanf=_ScanfFull --no_out_extension -o
#        "C:\Users\misty\OneDrive\Desktop\Projects\Archive\LED_PLAY\PXL3-CNC_WDRH008\EWARM\PXL3-SMART
#        Configuration\Exe\PXL3-SMART Configuration.out" --map
#        "C:\Users\misty\OneDrive\Desktop\Projects\Archive\LED_PLAY\PXL3-CNC_WDRH008\EWARM\PXL3-SMART
#        Configuration\List\PXL3-SMART Configuration.map" --config
#        C:\Users\misty\OneDrive\Desktop\Projects\Archive\LED_PLAY\PXL3-CNC_WDRH008\EWARM/stm32f030x6_flash.icf
#        --semihosting --entry __iar_program_start --vfe --text_out locale)
#
###############################################################################

*******************************************************************************
*** RUNTIME MODEL ATTRIBUTES
***

CppFlavor       = *
__SystemLibrary = DLib
__dlib_version  = 6


*******************************************************************************
*** HEAP SELECTION
***

The basic heap was selected because no calls to memory allocation
functions were found in the application outside of system library
functions, and there are calls to deallocation functions in the
application.


*******************************************************************************
*** PLACEMENT SUMMARY
***

"A0":  place at address 0x800'0000 { ro section .intvec };
"P1":  place in [from 0x800'0000 to 0x800'7fff] { ro };
define block CSTACK with size = 1K, alignment = 8 { };
define block HEAP with size = 512, alignment = 8 { };
"P2":  place in [from 0x2000'0000 to 0x2000'0fff] {
          rw, block CSTACK, block HEAP };
initialize by copy { rw };

  Section            Kind         Address    Size  Object
  -------            ----         -------    ----  ------
"A0":                                        0xb0
  .intvec            ro code   0x800'0000    0xb0  startup_stm32f030x6.o [1]
                             - 0x800'00b0    0xb0

"P1":                                      0x1db2
  .text              ro code   0x800'00b0   0x8cc  stm32f0xx_hal_rcc.o [1]
  .text              ro code   0x800'097c   0x406  main.o [1]
  .text              ro code   0x800'0d82     0x2  startup_stm32f030x6.o [1]
  .text              ro code   0x800'0d84     0xc  stm32f0xx_hal.o [1]
  .text              ro code   0x800'0d90    0x24  stm32f0xx_hal.o [1]
  .text              ro code   0x800'0db4    0x36  I32DivMod.o [3]
  .text              ro code   0x800'0dea     0x2  startup_stm32f030x6.o [1]
  .text              ro code   0x800'0dec    0x20  stm32f0xx_hal.o [1]
  .text              ro code   0x800'0e0c    0xa0  gpio.o [1]
  .text              ro code   0x800'0eac   0x7e0  stm32f0xx_hal_adc.o [1]
  .text              ro code   0x800'168c    0xe4  stm32f0xx_hal_cortex.o [1]
  .text              ro code   0x800'1770   0x2bc  stm32f0xx_hal_gpio.o [1]
  .text              ro code   0x800'1a2c     0x2  IntDivZer.o [3]
  .text              ro code   0x800'1a2e     0x2  startup_stm32f030x6.o [1]
  .text              ro code   0x800'1a30    0x64  stm32f0xx_hal_msp.o [1]
  .rodata            const     0x800'1a94    0x84  stm32f0xx_hal_cortex.o [1]
  .rodata            const     0x800'1b18    0x84  stm32f0xx_hal_gpio.o [1]
  .rodata            const     0x800'1b9c    0x80  stm32f0xx_hal_adc.o [1]
  .rodata            const     0x800'1c1c    0x80  stm32f0xx_hal_rcc.o [1]
  .text              ro code   0x800'1c9c    0x60  system_stm32f0xx.o [1]
  .text              ro code   0x800'1cfc    0x3c  packbits_init_single.o [3]
  .text              ro code   0x800'1d38    0x30  stm32f0xx_it.o [1]
  .text              ro code   0x800'1d68    0x10  stm32f0xx_hal.o [1]
  .text              ro code   0x800'1d78    0x28  data_init.o [3]
  .iar.init_table    const     0x800'1da0    0x10  - Linker created -
  .text              ro code   0x800'1db0    0x1e  cmain.o [3]
  .text              ro code   0x800'1dce     0x4  low_level_init.o [2]
  .text              ro code   0x800'1dd2     0x8  exit.o [2]
  .text              ro code   0x800'1dda     0x2  startup_stm32f030x6.o [1]
  .text              ro code   0x800'1ddc     0xa  cexit.o [3]
  .text              ro code   0x800'1de6     0x2  startup_stm32f030x6.o [1]
  .text              ro code   0x800'1de8    0x14  exit.o [4]
  .text              ro code   0x800'1dfc    0x10  startup_stm32f030x6.o [1]
  .text              ro code   0x800'1e0c     0xc  cstartup_M.o [3]
  .text              ro code   0x800'1e18     0x2  startup_stm32f030x6.o [1]
  .text              ro code   0x800'1e1a     0x2  startup_stm32f030x6.o [1]
  .text              ro code   0x800'1e1c     0x2  startup_stm32f030x6.o [1]
  .text              ro code   0x800'1e1e     0x2  startup_stm32f030x6.o [1]
  .text              ro code   0x800'1e20     0x2  startup_stm32f030x6.o [1]
  .text              ro code   0x800'1e22     0x2  startup_stm32f030x6.o [1]
  .text              ro code   0x800'1e24     0x2  startup_stm32f030x6.o [1]
  .text              ro code   0x800'1e26     0x2  startup_stm32f030x6.o [1]
  .text              ro code   0x800'1e28     0x2  startup_stm32f030x6.o [1]
  .text              ro code   0x800'1e2a     0x2  startup_stm32f030x6.o [1]
  .text              ro code   0x800'1e2c     0x2  startup_stm32f030x6.o [1]
  .text              ro code   0x800'1e2e     0x2  startup_stm32f030x6.o [1]
  .text              ro code   0x800'1e30     0x2  startup_stm32f030x6.o [1]
  .text              ro code   0x800'1e32     0x2  startup_stm32f030x6.o [1]
  .text              ro code   0x800'1e34     0x2  startup_stm32f030x6.o [1]
  .text              ro code   0x800'1e36     0x2  startup_stm32f030x6.o [1]
  .text              ro code   0x800'1e38     0x2  startup_stm32f030x6.o [1]
  .rodata            const     0x800'1e3a     0x0  packbits_init_single.o [3]
  Initializer bytes  const     0x800'1e3a    0x28  <for P2-1>
                             - 0x800'1e62  0x1db2

"P2", part 1 of 2:                           0x98
  P2-1                        0x2000'0000    0x98  <Init block>
    .data            inited   0x2000'0000    0x80  main.o [1]
    .data            inited   0x2000'0080    0x14  system_stm32f0xx.o [1]
    .bss             inited   0x2000'0094     0x4  stm32f0xx_hal.o [1]
                            - 0x2000'0098    0x98

"P2", part 2 of 2:                          0x400
  CSTACK                      0x2000'0098   0x400  <Block>
    CSTACK           uninit   0x2000'0098   0x400  <Block tail>
                            - 0x2000'0498   0x400

Unused ranges:

         From           To    Size
         ----           --    ----
   0x800'1e62   0x800'7fff  0x619e
  0x2000'0498  0x2000'0fff   0xb68


*******************************************************************************
*** INIT TABLE
***

          Address      Size
          -------      ----
Copy/packbits (__iar_packbits_init_single3)
    1 source range, total size 0x28 (26% of destination):
           0x800'1e3a  0x28
    1 destination range, total size 0x98:
          0x2000'0000  0x98



*******************************************************************************
*** MODULE SUMMARY
***

    Module                  ro code  ro data  rw data
    ------                  -------  -------  -------
command line/config:
    -------------------------------------------------
    Total:

C:\Users\misty\OneDrive\Desktop\Projects\Archive\LED_PLAY\PXL3-CNC_WDRH008\EWARM\PXL3-SMART Configuration\Obj: [1]
    gpio.o                      160
    main.o                    1'030       33      128
    startup_stm32f030x6.o       236
    stm32f0xx_hal.o              96        2        4
    stm32f0xx_hal_adc.o       2'016      128
    stm32f0xx_hal_cortex.o      228      132
    stm32f0xx_hal_gpio.o        700      132
    stm32f0xx_hal_msp.o         100
    stm32f0xx_hal_rcc.o       2'252      128
    stm32f0xx_it.o               48
    system_stm32f0xx.o           96        5       20
    -------------------------------------------------
    Total:                    6'962      560      152

dl6M_tlf.a: [2]
    exit.o                        8
    low_level_init.o              4
    -------------------------------------------------
    Total:                       12

rt6M_tl.a: [3]
    I32DivMod.o                  54
    IntDivZer.o                   2
    cexit.o                      10
    cmain.o                      30
    cstartup_M.o                 12
    data_init.o                  40
    packbits_init_single.o       60
    -------------------------------------------------
    Total:                      208

shb_l.a: [4]
    exit.o                       20
    -------------------------------------------------
    Total:                       20

    Linker created                        16    1'024
-----------------------------------------------------
    Grand Total:              7'202      576    1'176


*******************************************************************************
*** ENTRY LIST
***

Entry                       Address   Size  Type      Object
-----                       -------   ----  ----      ------
.iar.init_table$$Base    0x800'1da0          --   Gb  - Linker created -
.iar.init_table$$Limit   0x800'1db0          --   Gb  - Linker created -
?main                    0x800'1db1         Code  Gb  cmain.o [3]
ACTIVE                  0x2000'0003    0x1  Data  Gb  main.o [1]
ADC_ConversionStop       0x800'1613   0x60  Code  Lc  stm32f0xx_hal_adc.o [1]
ADC_Disable              0x800'15b1   0x62  Code  Lc  stm32f0xx_hal_adc.o [1]
ADC_Enable               0x800'1535   0x76  Code  Lc  stm32f0xx_hal_adc.o [1]
AHBPrescTable           0x2000'0080   0x10  Data  Gb  system_stm32f0xx.o [1]
Backlight_Decrement      0x800'0d4d   0x10  Code  Gb  main.o [1]
CSTACK$$Base            0x2000'0098          --   Gb  - Linker created -
CSTACK$$Limit           0x2000'0498          --   Gb  - Linker created -
EXTI2_3_IRQHandler       0x800'1d5f    0xa  Code  Gb  stm32f0xx_it.o [1]
EXTI4_15_IRQHandler      0x800'1d4d   0x12  Code  Gb  stm32f0xx_it.o [1]
HAL_ADC_ConfigChannel    0x800'133d  0x1ce  Code  Gb  stm32f0xx_hal_adc.o [1]
HAL_ADC_GetValue         0x800'1311   0x1e  Code  Gb  stm32f0xx_hal_adc.o [1]
HAL_ADC_Init             0x800'0ead  0x2a4  Code  Gb  stm32f0xx_hal_adc.o [1]
HAL_ADC_MspInit          0x800'1a53   0x3a  Code  Gb  stm32f0xx_hal_msp.o [1]
HAL_ADC_PollForConversion
                         0x800'121d   0xd4  Code  Gb  stm32f0xx_hal_adc.o [1]
HAL_ADC_Start            0x800'1159   0x6e  Code  Gb  stm32f0xx_hal_adc.o [1]
HAL_ADC_Stop             0x800'11c7   0x4c  Code  Gb  stm32f0xx_hal_adc.o [1]
HAL_GPIO_EXTI_Callback   0x800'0c79   0x64  Code  Gb  main.o [1]
HAL_GPIO_EXTI_IRQHandler
                         0x800'1a07   0x14  Code  Gb  stm32f0xx_hal_gpio.o [1]
HAL_GPIO_Init            0x800'1771  0x248  Code  Gb  stm32f0xx_hal_gpio.o [1]
HAL_GPIO_ReadPin         0x800'19e9   0x1e  Code  Gb  stm32f0xx_hal_gpio.o [1]
HAL_GetTick              0x800'0d85    0xc  Code  Wk  stm32f0xx_hal.o [1]
HAL_IncTick              0x800'1d69   0x10  Code  Wk  stm32f0xx_hal.o [1]
HAL_Init                 0x800'0ded   0x1a  Code  Gb  stm32f0xx_hal.o [1]
HAL_InitTick             0x800'0d91   0x24  Code  Wk  stm32f0xx_hal.o [1]
HAL_MspInit              0x800'1a31   0x22  Code  Gb  stm32f0xx_hal_msp.o [1]
HAL_NVIC_EnableIRQ       0x800'16e3   0x1c  Code  Gb  stm32f0xx_hal_cortex.o [1]
HAL_NVIC_SetPriority     0x800'16c7   0x1c  Code  Gb  stm32f0xx_hal_cortex.o [1]
HAL_RCC_ClockConfig      0x800'0629  0x28e  Code  Gb  stm32f0xx_hal_rcc.o [1]
HAL_RCC_GetHCLKFreq      0x800'0919   0x1c  Code  Gb  stm32f0xx_hal_rcc.o [1]
HAL_RCC_GetSysClockFreq
                         0x800'08d9   0x3a  Code  Gb  stm32f0xx_hal_rcc.o [1]
HAL_RCC_GetSysClockFreq::aPLLMULFactorTable
                         0x800'095c   0x10  Data  Lc  stm32f0xx_hal_rcc.o [1]
HAL_RCC_GetSysClockFreq::aPredivFactorTable
                         0x800'096c   0x10  Data  Lc  stm32f0xx_hal_rcc.o [1]
HAL_RCC_OscConfig        0x800'00b1  0x55c  Code  Gb  stm32f0xx_hal_rcc.o [1]
HAL_SYSTICK_CLKSourceConfig
                         0x800'1727   0x2a  Code  Gb  stm32f0xx_hal_cortex.o [1]
HAL_SYSTICK_Callback     0x800'0c2d   0x48  Code  Gb  main.o [1]
HAL_SYSTICK_Callback::powerIndicatorCntTimer
                        0x2000'007c    0x4  Data  Lc  main.o [1]
HAL_SYSTICK_Config       0x800'16ff   0x28  Code  Gb  stm32f0xx_hal_cortex.o [1]
HAL_SYSTICK_IRQHandler   0x800'1769    0x8  Code  Gb  stm32f0xx_hal_cortex.o [1]
LEDdance                 0x800'09c5   0x30  Code  Gb  main.o [1]
MX_GPIO_Init             0x800'0e0d   0xa0  Code  Gb  gpio.o [1]
NVIC_SetPriority         0x800'168d   0x3a  Code  Lc  stm32f0xx_hal_cortex.o [1]
RGB1_SETUP               0x800'097d   0x48  Code  Gb  main.o [1]
Region$$Table$$Base      0x800'1da0          --   Gb  - Linker created -
Region$$Table$$Limit     0x800'1db0          --   Gb  - Linker created -
STATUS_GREEN            0x2000'0068    0x4  Data  Gb  main.o [1]
SW2_Count               0x2000'0001    0x1  Data  Gb  main.o [1]
SWITCH1_BLUE            0x2000'006c    0x4  Data  Gb  main.o [1]
SWITCH2_RED             0x2000'0070    0x4  Data  Gb  main.o [1]
SWITCH3_BLUE            0x2000'0074    0x4  Data  Gb  main.o [1]
SysTick_Handler          0x800'1d39   0x14  Code  Gb  stm32f0xx_it.o [1]
SystemClock_Config       0x800'0ce5   0x50  Code  Gb  main.o [1]
SystemCoreClock         0x2000'0090    0x4  Data  Gb  system_stm32f0xx.o [1]
SystemInit               0x800'1c9d   0x48  Code  Gb  system_stm32f0xx.o [1]
TimingDelay             0x2000'0078    0x4  Data  Lc  main.o [1]
TimingDelay_Decrement    0x800'0d39   0x10  Code  Gb  main.o [1]
__ICFEDIT_region_RAM_end__ {Abs}
                        0x2000'0fff         Data  Gb  <internal module>
__ICFEDIT_region_RAM_start__ {Abs}
                        0x2000'0000         Data  Gb  <internal module>
__aeabi_idiv0            0x800'1a2d         Code  Gb  IntDivZer.o [3]
__cmain                  0x800'1db1         Code  Gb  cmain.o [3]
__exit                   0x800'1de9   0x14  Code  Gb  exit.o [4]
__iar_data_init3         0x800'1d79   0x28  Code  Gb  data_init.o [3]
__iar_packbits_init_single3
                         0x800'1cfd   0x3c  Code  Gb  packbits_init_single.o [3]
__iar_program_start      0x800'1e0d         Code  Gb  cstartup_M.o [3]
__iar_small_uidiv        0x800'0db5         Code  Gb  I32DivMod.o [3]
__iar_small_uidivmod     0x800'0db5         Code  Gb  I32DivMod.o [3]
__low_level_init         0x800'1dcf    0x4  Code  Gb  low_level_init.o [2]
__vector_table           0x800'0000         Data  Gb  startup_stm32f030x6.o [1]
_call_main               0x800'1dbd         Code  Gb  cmain.o [3]
_exit                    0x800'1ddd         Code  Gb  cexit.o [3]
_main                    0x800'1dcb         Code  Gb  cmain.o [3]
aAPBAHBPrescTable        0x800'094c   0x10  Data  Gb  stm32f0xx_hal_rcc.o [1]
assert_failed            0x800'0d81    0x2  Code  Gb  main.o [1]
backlight_timer         0x2000'005c    0x4  Data  Gb  main.o [1]
batteryLEDLevelUpdate    0x800'0bc9   0x5e  Code  Gb  main.o [1]
battery_count           0x2000'0064    0x4  Data  Gb  main.o [1]
buttonWasActive         0x2000'0002    0x1  Data  Gb  main.o [1]
exit                     0x800'1dd3    0x8  Code  Gb  exit.o [2]
hadc                    0x2000'0010   0x4c  Data  Gb  main.o [1]
i                       0x2000'0000    0x1  Data  Gb  main.o [1]
main                     0x800'09f5  0x1d0  Code  Gb  main.o [1]
powerIndicatorStatus    0x2000'0060    0x4  Data  Gb  main.o [1]
powerStatus             0x2000'0004    0x1  Data  Gb  main.o [1]
setColor                0x2000'0008    0x2  Data  Gb  main.o [1]
setLedStatus            0x2000'000a    0x2  Data  Gb  main.o [1]
uwTick                  0x2000'0094    0x4  Data  Lc  stm32f0xx_hal.o [1]
v12_v24                 0x2000'0006    0x2  Data  Gb  main.o [1]
val                     0x2000'000c    0x2  Data  Gb  main.o [1]


[1] = C:\Users\misty\OneDrive\Desktop\Projects\Archive\LED_PLAY\PXL3-CNC_WDRH008\EWARM\PXL3-SMART Configuration\Obj
[2] = dl6M_tlf.a
[3] = rt6M_tl.a
[4] = shb_l.a

  7'202 bytes of readonly  code memory
    576 bytes of readonly  data memory
  1'176 bytes of readwrite data memory

Errors: none
Warnings: none
